GAMS 44.4.0  06604687 Sep 19, 2023          WEX-WEI x86 64bit/MS Windows - 10/03/23 14:50:27 Page 1
G e n e r a l   A l g e b r a i c   M o d e l i n g   S y s t e m
C o m p i l a t i o n


      How to best move a given mobile phone from Amazon distribution centres to demand zones
      **Douglas Alem version**
   5   
   6  Option optcr = 0.00;
   7   
   8  *This command serves to include a list of options for the CPLEX optimisation package
   9  File fcpx Cplex OPTION FILE /cplex.opt/;
  10   
  11  Sets
  12  i DCs          /Gourock,Bathgate,Dunfermline,Edinburgh,Portlethen/
  13  j Demand zones /Perth,Dundee/
  14  ;
  15   
  16  Parameter cap(i) weekly capacity of each DC (units)
  17  /
  18  Gourock     1500
  19  Bathgate    1500
  20  Dunfermline  900
  21  Edinburgh   2100
  22  Portlethen  7000
  23  /
  24  ;
  25   
  26  Parameter d(j) demand of units required
  27  /
  28  Perth  4000
  29  Dundee 6000
  30  /
  31  ;
  32   
  33  Table distance(i,j) distance in miles
  34               Perth    Dundee
  35  Gourock      106      114
  36  Bathgate      58       70
  37  Dunfermline   28.2     41.5
  38  Edinburgh     43.8     63
  39  Portlethen    76.3     61
  40  ;
  41   
  42  Scalar mile per mile shipping cost in pounds /3/;
  43   
  44  Parameter cost(i,j) shipping cost from i to j;
  45   cost(i,j) = distance(i,j)*mile;
  46   
  47  Variables
  48  z      total cost
  49  x(i,j) quantity of mobile phones shipped from i to j
  50  Positive variables x;
  51   
  52  Equations
  53  of       objective function
  54  constr1  capacity constraint
  55  constr2  demand constraint
  56  ;
  57   
  58  of..                       z =e= sum((i,j), cost(i,j)*X(i,j));
  59  constr1(i)..  sum(j, x(i,j)) =l= cap(i);
  60  constr2(j)..  sum(i, x(i,j)) =g= d(j);
  61   
  62  Model transport /of,constr1,constr2/;
  63   
  64  **Solving the model :-) **
  65   
  66  Solve transport using mip minimizing z;
  67  Display x.l, x.m;
  68   
  69   
  70   
  71   


COMPILATION TIME     =        0.000 SECONDS      3 MB  44.4.0 06604687 WEX-WEI
GAMS 44.4.0  06604687 Sep 19, 2023          WEX-WEI x86 64bit/MS Windows - 10/03/23 14:50:27 Page 2
G e n e r a l   A l g e b r a i c   M o d e l i n g   S y s t e m
Equation Listing    SOLVE transport Using MIP From line 66


---- of  =E=  objective function

of..  z - 318*x(Gourock,Perth) - 342*x(Gourock,Dundee) - 174*x(Bathgate,Perth) - 210*x(Bathgate,Dundee) - 84.6*x(Dunfermline,Perth) - 124.5*x(Dunfermline,Dundee) - 131.4*x(Edinburgh,Perth) - 189*x(Edinburgh,Dundee) - 228.9*x(Portlethen,Perth) - 183*x(Portlethen,Dundee) =E= 0 ; (LHS = 0)
     

---- constr1  =L=  capacity constraint

constr1(Gourock)..  x(Gourock,Perth) + x(Gourock,Dundee) =L= 1500 ; (LHS = 0)
     
constr1(Bathgate)..  x(Bathgate,Perth) + x(Bathgate,Dundee) =L= 1500 ; (LHS = 0)
     
constr1(Dunfermline)..  x(Dunfermline,Perth) + x(Dunfermline,Dundee) =L= 900 ; (LHS = 0)
     
REMAINING 2 ENTRIES SKIPPED


---- constr2  =G=  demand constraint

constr2(Perth)..  x(Gourock,Perth) + x(Bathgate,Perth) + x(Dunfermline,Perth) + x(Edinburgh,Perth) + x(Portlethen,Perth) =G= 4000 ; (LHS = 0, INFES = 4000 ****)
     
constr2(Dundee)..  x(Gourock,Dundee) + x(Bathgate,Dundee) + x(Dunfermline,Dundee) + x(Edinburgh,Dundee) + x(Portlethen,Dundee) =G= 6000 ; (LHS = 0, INFES = 6000 ****)
     
GAMS 44.4.0  06604687 Sep 19, 2023          WEX-WEI x86 64bit/MS Windows - 10/03/23 14:50:27 Page 3
G e n e r a l   A l g e b r a i c   M o d e l i n g   S y s t e m
Column Listing      SOLVE transport Using MIP From line 66


---- z  total cost

z
                (.LO, .L, .UP, .M = -INF, 0, +INF, 0)
        1       of


---- x  quantity of mobile phones shipped from i to j

x(Gourock,Perth)
                (.LO, .L, .UP, .M = 0, 0, +INF, 0)
     -318       of
        1       constr1(Gourock)
        1       constr2(Perth)

x(Gourock,Dundee)
                (.LO, .L, .UP, .M = 0, 0, +INF, 0)
     -342       of
        1       constr1(Gourock)
        1       constr2(Dundee)

x(Bathgate,Perth)
                (.LO, .L, .UP, .M = 0, 0, +INF, 0)
     -174       of
        1       constr1(Bathgate)
        1       constr2(Perth)

REMAINING 7 ENTRIES SKIPPED
GAMS 44.4.0  06604687 Sep 19, 2023          WEX-WEI x86 64bit/MS Windows - 10/03/23 14:50:27 Page 4
G e n e r a l   A l g e b r a i c   M o d e l i n g   S y s t e m
Range Statistics    SOLVE transport Using MIP From line 66


RANGE STATISTICS (ABSOLUTE NON-ZERO FINITE VALUES)

RHS       [min, max] : [ 9.000E+02, 7.000E+03] - Zero values observed as well
Bound     [min, max] : [        NA,        NA] - Zero values observed as well
Matrix    [min, max] : [ 1.000E+00, 3.420E+02]

GAMS 44.4.0  06604687 Sep 19, 2023          WEX-WEI x86 64bit/MS Windows - 10/03/23 14:50:27 Page 5
G e n e r a l   A l g e b r a i c   M o d e l i n g   S y s t e m
Model Statistics    SOLVE transport Using MIP From line 66


MODEL STATISTICS

BLOCKS OF EQUATIONS           3     SINGLE EQUATIONS            8
BLOCKS OF VARIABLES           2     SINGLE VARIABLES           11
NON ZERO ELEMENTS            31


GENERATION TIME      =        0.031 SECONDS      4 MB  44.4.0 06604687 WEX-WEI
GAMS 44.4.0  06604687 Sep 19, 2023          WEX-WEI x86 64bit/MS Windows - 10/03/23 14:50:27 Page 6
G e n e r a l   A l g e b r a i c   M o d e l i n g   S y s t e m
Solution Report     SOLVE transport Using MIP From line 66


               S O L V E      S U M M A R Y

     MODEL   transport           OBJECTIVE  z
     TYPE    MIP                 DIRECTION  MINIMIZE
     SOLVER  CPLEX               FROM LINE  66

**** SOLVER STATUS     1 Normal Completion
**** MODEL STATUS      1 Optimal
**** OBJECTIVE VALUE          1624080.0000

 RESOURCE USAGE, LIMIT          0.031 10000000000.000
 ITERATION COUNT, LIMIT         6    2147483647
--- GAMS/CPLEX licensed for continuous and discrete problems.
--- GMO setup time: 0.00s
--- GMO memory 0.50 Mb (peak 0.50 Mb)
--- Dictionary memory 0.00 Mb
--- Cplex 22.1.1.0 link memory 0.00 Mb (peak 0.00 Mb)
--- Starting Cplex


--- LP status (1): optimal.
--- Cplex Time: 0.03sec (det. 0.01 ticks)


Optimal solution found
Objective:      1624080.000000


                           LOWER          LEVEL          UPPER         MARGINAL

---- EQU of                  .              .              .             1.0000      

  of  objective function

---- EQU constr1  capacity constraint

                   LOWER          LEVEL          UPPER         MARGINAL

Gourock            -INF             .          1500.0000          .          
Bathgate           -INF         1000.0000      1500.0000          .          
Dunfermline        -INF          900.0000       900.0000       -89.4000      
Edinburgh          -INF         2100.0000      2100.0000       -42.6000      
Portlethen         -INF         6000.0000      7000.0000          .          

---- EQU constr2  demand constraint

              LOWER          LEVEL          UPPER         MARGINAL

Perth       4000.0000      4000.0000        +INF          174.0000      
Dundee      6000.0000      6000.0000        +INF          183.0000      

                           LOWER          LEVEL          UPPER         MARGINAL

---- VAR z                 -INF      1624080.0000        +INF             .          

  z  total cost

---- VAR x  quantity of mobile phones shipped from i to j

                          LOWER          LEVEL          UPPER         MARGINAL

Gourock    .Perth           .              .            +INF          144.0000      
Gourock    .Dundee          .              .            +INF          159.0000      
Bathgate   .Perth           .          1000.0000        +INF             .          
Bathgate   .Dundee          .              .            +INF           27.0000      
Dunfermline.Perth           .           900.0000        +INF             .          
Dunfermline.Dundee          .              .            +INF           30.9000      
Edinburgh  .Perth           .          2100.0000        +INF             .          
Edinburgh  .Dundee          .              .            +INF           48.6000      
Portlethen .Perth           .              .            +INF           54.9000      
Portlethen .Dundee          .          6000.0000        +INF             .          


**** REPORT SUMMARY :        0     NONOPT
                             0 INFEASIBLE
                             0  UNBOUNDED
GAMS 44.4.0  06604687 Sep 19, 2023          WEX-WEI x86 64bit/MS Windows - 10/03/23 14:50:27 Page 7
G e n e r a l   A l g e b r a i c   M o d e l i n g   S y s t e m
E x e c u t i o n


----     67 VARIABLE x.L  quantity of mobile phones shipped from i to j

                  Perth      Dundee

Bathgate       1000.000
Dunfermline     900.000
Edinburgh      2100.000
Portlethen                 6000.000


----     67 VARIABLE x.M  quantity of mobile phones shipped from i to j

                  Perth      Dundee

Gourock         144.000     159.000
Bathgate                     27.000
Dunfermline                  30.900
Edinburgh                    48.600
Portlethen       54.900



EXECUTION TIME       =        0.359 SECONDS      4 MB  44.4.0 06604687 WEX-WEI


USER: Course License                                 S230704|0002AO-GEN
      University of Edinburgh, Business School                  DCE2899
      License for teaching and research at degree granting institutions


**** FILE SUMMARY

Input      C:\Users\redhawc\Desktop\EDI_BUSANA\mathematic\GAMS_CODE\Amazon transport(1).gms
Output     C:\Users\redhawc\Desktop\EDI_BUSANA\mathematic\GAMS_CODE\Amazon transport(1).lst
